2025-11-14 21:54:53,278 INFO o.a.j.u.JMeterUtils: Setting Locale to en_EN
2025-11-14 21:54:53,310 INFO o.a.j.JMeter: Loading user properties from: /Users/warlleyfreitas/Documents/apache-jmeter-5.6.3/bin/user.properties
2025-11-14 21:54:53,311 INFO o.a.j.JMeter: Loading system properties from: /Users/warlleyfreitas/Documents/apache-jmeter-5.6.3/bin/system.properties
2025-11-14 21:54:53,321 INFO o.a.j.JMeter: Copyright (c) 1998-2024 The Apache Software Foundation
2025-11-14 21:54:53,321 INFO o.a.j.JMeter: Version 5.6.3
2025-11-14 21:54:53,321 INFO o.a.j.JMeter: java.version=18.0.2.1
2025-11-14 21:54:53,321 INFO o.a.j.JMeter: java.vm.name=Java HotSpot(TM) 64-Bit Server VM
2025-11-14 21:54:53,321 INFO o.a.j.JMeter: os.name=Mac OS X
2025-11-14 21:54:53,321 INFO o.a.j.JMeter: os.arch=x86_64
2025-11-14 21:54:53,321 INFO o.a.j.JMeter: os.version=15.7.1
2025-11-14 21:54:53,321 INFO o.a.j.JMeter: file.encoding=UTF-8
2025-11-14 21:54:53,321 INFO o.a.j.JMeter: java.awt.headless=true
2025-11-14 21:54:53,322 INFO o.a.j.JMeter: Max memory     =1073741824
2025-11-14 21:54:53,322 INFO o.a.j.JMeter: Available Processors =10
2025-11-14 21:54:53,331 INFO o.a.j.JMeter: Default Locale=English (EN)
2025-11-14 21:54:53,332 INFO o.a.j.JMeter: JMeter  Locale=English (EN)
2025-11-14 21:54:53,332 INFO o.a.j.JMeter: JMeterHome=/Users/warlleyfreitas/Documents/apache-jmeter-5.6.3
2025-11-14 21:54:53,332 INFO o.a.j.JMeter: user.dir  =/Users/warlleyfreitas/Desktop/Pessoal docs/PGATS/Automacao de Testes de Performance
2025-11-14 21:54:53,332 INFO o.a.j.JMeter: PWD       =/Users/warlleyfreitas/Desktop/Pessoal docs/PGATS/Automacao de Testes de Performance
2025-11-14 21:54:53,580 INFO o.a.j.JMeter: IP: 192.168.15.33 Name: Warlley-Freitas-MacBook-Pro-ArcTouch-513A.local FullName: 192.168.15.33
2025-11-14 21:54:53,624 INFO o.a.j.s.FileServer: Default base='/Users/warlleyfreitas/Desktop/Pessoal docs/PGATS/Automacao de Testes de Performance'
2025-11-14 21:54:53,630 INFO o.a.j.s.FileServer: Set new base='/Users/warlleyfreitas/Desktop/Pessoal docs/PGATS/Automacao de Testes de Performance/tests/jmeter'
2025-11-14 21:54:54,048 INFO o.a.j.s.SaveService: Testplan (JMX) version: 2.2. Testlog (JTL) version: 2.2
2025-11-14 21:54:54,095 INFO o.a.j.s.SaveService: Using SaveService properties version 5.0
2025-11-14 21:54:54,101 INFO o.a.j.s.SaveService: Using SaveService properties file encoding UTF-8
2025-11-14 21:54:54,105 INFO o.a.j.s.SaveService: Loading file: tests/jmeter/Registrar usuário como estudante.jmx
2025-11-14 21:54:54,169 INFO o.a.j.p.h.s.HTTPSamplerBase: Parser for text/html is org.apache.jmeter.protocol.http.parser.LagartoBasedHtmlParser
2025-11-14 21:54:54,169 INFO o.a.j.p.h.s.HTTPSamplerBase: Parser for application/xhtml+xml is org.apache.jmeter.protocol.http.parser.LagartoBasedHtmlParser
2025-11-14 21:54:54,169 INFO o.a.j.p.h.s.HTTPSamplerBase: Parser for application/xml is org.apache.jmeter.protocol.http.parser.LagartoBasedHtmlParser
2025-11-14 21:54:54,169 INFO o.a.j.p.h.s.HTTPSamplerBase: Parser for text/xml is org.apache.jmeter.protocol.http.parser.LagartoBasedHtmlParser
2025-11-14 21:54:54,169 INFO o.a.j.p.h.s.HTTPSamplerBase: Parser for text/vnd.wap.wml is org.apache.jmeter.protocol.http.parser.RegexpHTMLParser
2025-11-14 21:54:54,169 INFO o.a.j.p.h.s.HTTPSamplerBase: Parser for text/css is org.apache.jmeter.protocol.http.parser.CssParser
2025-11-14 21:54:54,231 INFO o.a.j.JMeter: Creating summariser <summary>
2025-11-14 21:54:54,259 INFO o.a.j.e.StandardJMeterEngine: Running the test!
2025-11-14 21:54:54,260 INFO o.a.j.s.SampleEvent: List of sample_variables: []
2025-11-14 21:54:54,261 INFO o.a.j.s.SampleEvent: List of sample_variables: []
2025-11-14 21:54:54,267 INFO o.a.j.e.u.CompoundVariable: Note: Function class names must contain the string: '.functions.'
2025-11-14 21:54:54,267 INFO o.a.j.e.u.CompoundVariable: Note: Function class names must not contain the string: '.gui.'
2025-11-14 21:54:54,408 INFO o.a.j.JMeter: Running test (1763168094408)
2025-11-14 21:54:54,454 INFO o.a.j.e.StandardJMeterEngine: Starting ThreadGroup: 1 : Request para registrar student
2025-11-14 21:54:54,455 INFO o.a.j.e.StandardJMeterEngine: Starting 50 threads for group Request para registrar student.
2025-11-14 21:54:54,455 INFO o.a.j.e.StandardJMeterEngine: Thread will continue on error
2025-11-14 21:54:54,456 INFO o.a.j.t.ThreadGroup: Starting thread group... number=1 threads=50 ramp-up=1 delayedStart=false
2025-11-14 21:54:54,893 INFO o.a.j.t.JMeterThread: Thread started: Request para registrar student 1-2
2025-11-14 21:54:54,915 INFO o.a.j.s.FileServer: Stored: /Users/warlleyfreitas/Desktop/Pessoal docs/PGATS/Automacao de Testes de Performance/tests/jmeter/test-data/students.csv Alias: /Users/warlleyfreitas/Desktop/Pessoal docs/PGATS/Automacao de Testes de Performance/tests/jmeter/test-data/students.csv@2061226112
2025-11-14 21:54:54,924 INFO o.a.j.t.JMeterThread: Thread started: Request para registrar student 1-1
2025-11-14 21:54:54,929 INFO o.a.j.t.ThreadGroup: Started thread group number 1
2025-11-14 21:54:54,930 INFO o.a.j.e.StandardJMeterEngine: All thread groups have been started
2025-11-14 21:54:54,932 INFO o.a.j.t.JMeterThread: Thread started: Request para registrar student 1-3
2025-11-14 21:54:54,940 INFO o.a.j.t.JMeterThread: Thread started: Request para registrar student 1-4
2025-11-14 21:54:54,952 INFO o.a.j.t.JMeterThread: Thread started: Request para registrar student 1-7
2025-11-14 21:54:54,979 INFO o.a.j.t.JMeterThread: Thread started: Request para registrar student 1-5
2025-11-14 21:54:54,984 INFO o.a.j.t.JMeterThread: Thread started: Request para registrar student 1-6
2025-11-14 21:54:54,990 INFO o.a.j.t.JMeterThread: Thread started: Request para registrar student 1-9
2025-11-14 21:54:55,007 INFO o.a.j.t.JMeterThread: Thread started: Request para registrar student 1-8
2025-11-14 21:54:55,014 INFO o.a.j.t.JMeterThread: Thread started: Request para registrar student 1-13
2025-11-14 21:54:55,022 INFO o.a.j.p.h.s.HTTPHCAbstractImpl: Local host = Warlley-Freitas-MacBook-Pro-ArcTouch-513A.local
2025-11-14 21:54:55,026 INFO o.a.j.t.JMeterThread: Thread started: Request para registrar student 1-10
2025-11-14 21:54:55,029 INFO o.a.j.p.h.s.HTTPHC4Impl: HTTP request retry count = 0
2025-11-14 21:54:55,032 INFO o.a.j.s.SampleResult: Note: Sample TimeStamps are START times
2025-11-14 21:54:55,032 INFO o.a.j.s.SampleResult: sampleresult.default.encoding is set to UTF-8
2025-11-14 21:54:55,032 INFO o.a.j.s.SampleResult: sampleresult.useNanoTime=true
2025-11-14 21:54:55,032 INFO o.a.j.s.SampleResult: sampleresult.nanoThreadSleep=5000
2025-11-14 21:54:55,044 INFO o.a.j.t.JMeterThread: Thread started: Request para registrar student 1-11
2025-11-14 21:54:55,063 INFO o.a.j.t.JMeterThread: Thread started: Request para registrar student 1-14
2025-11-14 21:54:55,063 INFO o.a.j.t.JMeterThread: Thread started: Request para registrar student 1-12
2025-11-14 21:54:55,069 INFO o.a.j.t.JMeterThread: Thread started: Request para registrar student 1-17
2025-11-14 21:54:55,078 INFO o.a.j.t.JMeterThread: Thread started: Request para registrar student 1-16
2025-11-14 21:54:55,085 INFO o.a.j.t.JMeterThread: Thread started: Request para registrar student 1-18
2025-11-14 21:54:55,086 INFO o.a.j.t.JMeterThread: Thread started: Request para registrar student 1-22
2025-11-14 21:54:55,095 INFO o.a.j.t.JMeterThread: Thread started: Request para registrar student 1-23
2025-11-14 21:54:55,092 INFO o.a.j.t.JMeterThread: Thread started: Request para registrar student 1-15
2025-11-14 21:54:55,113 INFO o.a.j.t.JMeterThread: Thread started: Request para registrar student 1-21
2025-11-14 21:54:55,116 INFO o.a.j.t.JMeterThread: Thread started: Request para registrar student 1-19
2025-11-14 21:54:55,119 INFO o.a.j.t.JMeterThread: Thread started: Request para registrar student 1-25
2025-11-14 21:54:55,136 INFO o.a.j.t.JMeterThread: Thread started: Request para registrar student 1-20
2025-11-14 21:54:55,140 INFO o.a.j.t.JMeterThread: Thread started: Request para registrar student 1-24
2025-11-14 21:54:55,162 INFO o.a.j.t.JMeterThread: Thread started: Request para registrar student 1-27
2025-11-14 21:54:55,176 INFO o.a.j.t.JMeterThread: Thread started: Request para registrar student 1-26
2025-11-14 21:54:55,181 INFO o.a.j.t.JMeterThread: Thread started: Request para registrar student 1-28
2025-11-14 21:54:55,197 INFO o.a.j.t.JMeterThread: Thread started: Request para registrar student 1-29
2025-11-14 21:54:55,237 INFO o.a.j.t.JMeterThread: Thread started: Request para registrar student 1-30
2025-11-14 21:54:55,280 INFO o.a.j.t.JMeterThread: Thread started: Request para registrar student 1-31
2025-11-14 21:54:55,296 INFO o.a.j.t.JMeterThread: Thread started: Request para registrar student 1-33
2025-11-14 21:54:55,296 INFO o.a.j.t.JMeterThread: Thread started: Request para registrar student 1-32
2025-11-14 21:54:55,314 INFO o.a.j.t.JMeterThread: Thread started: Request para registrar student 1-35
2025-11-14 21:54:55,333 INFO o.a.j.t.JMeterThread: Thread started: Request para registrar student 1-34
2025-11-14 21:54:55,331 INFO o.a.j.t.JMeterThread: Thread started: Request para registrar student 1-37
2025-11-14 21:54:55,333 INFO o.a.j.t.JMeterThread: Thread started: Request para registrar student 1-36
2025-11-14 21:54:55,392 INFO o.a.j.t.JMeterThread: Thread started: Request para registrar student 1-38
2025-11-14 21:54:55,408 INFO o.a.j.t.JMeterThread: Thread started: Request para registrar student 1-40
2025-11-14 21:54:55,414 INFO o.a.j.t.JMeterThread: Thread started: Request para registrar student 1-39
2025-11-14 21:54:55,421 INFO o.a.j.t.JMeterThread: Thread started: Request para registrar student 1-41
2025-11-14 21:54:55,424 INFO o.a.j.t.JMeterThread: Thread started: Request para registrar student 1-42
2025-11-14 21:54:55,462 INFO o.a.j.t.JMeterThread: Thread is done: Request para registrar student 1-24
2025-11-14 21:54:55,462 INFO o.a.j.t.JMeterThread: Thread finished: Request para registrar student 1-24
2025-11-14 21:54:55,463 INFO o.a.j.t.JMeterThread: Thread is done: Request para registrar student 1-40
2025-11-14 21:54:55,464 INFO o.a.j.t.JMeterThread: Thread finished: Request para registrar student 1-40
2025-11-14 21:54:55,464 INFO o.a.j.t.JMeterThread: Thread is done: Request para registrar student 1-9
2025-11-14 21:54:55,464 INFO o.a.j.t.JMeterThread: Thread finished: Request para registrar student 1-9
2025-11-14 21:54:55,462 INFO o.a.j.t.JMeterThread: Thread is done: Request para registrar student 1-17
2025-11-14 21:54:55,462 INFO o.a.j.t.JMeterThread: Thread started: Request para registrar student 1-43
2025-11-14 21:54:55,465 INFO o.a.j.t.JMeterThread: Thread is done: Request para registrar student 1-7
2025-11-14 21:54:55,469 INFO o.a.j.t.JMeterThread: Thread finished: Request para registrar student 1-17
2025-11-14 21:54:55,469 INFO o.a.j.t.JMeterThread: Thread finished: Request para registrar student 1-7
2025-11-14 21:54:55,462 INFO o.a.j.t.JMeterThread: Thread is done: Request para registrar student 1-6
2025-11-14 21:54:55,469 INFO o.a.j.t.JMeterThread: Thread finished: Request para registrar student 1-6
2025-11-14 21:54:55,465 INFO o.a.j.t.JMeterThread: Thread is done: Request para registrar student 1-15
2025-11-14 21:54:55,471 INFO o.a.j.t.JMeterThread: Thread finished: Request para registrar student 1-15
2025-11-14 21:54:55,472 INFO o.a.j.t.JMeterThread: Thread is done: Request para registrar student 1-32
2025-11-14 21:54:55,472 INFO o.a.j.t.JMeterThread: Thread is done: Request para registrar student 1-3
2025-11-14 21:54:55,471 INFO o.a.j.t.JMeterThread: Thread is done: Request para registrar student 1-27
2025-11-14 21:54:55,472 INFO o.a.j.t.JMeterThread: Thread finished: Request para registrar student 1-3
2025-11-14 21:54:55,472 INFO o.a.j.t.JMeterThread: Thread finished: Request para registrar student 1-32
2025-11-14 21:54:55,472 INFO o.a.j.t.JMeterThread: Thread finished: Request para registrar student 1-27
2025-11-14 21:54:55,472 INFO o.a.j.t.JMeterThread: Thread is done: Request para registrar student 1-12
2025-11-14 21:54:55,464 INFO o.a.j.t.JMeterThread: Thread is done: Request para registrar student 1-31
2025-11-14 21:54:55,475 INFO o.a.j.t.JMeterThread: Thread is done: Request para registrar student 1-29
2025-11-14 21:54:55,476 INFO o.a.j.t.JMeterThread: Thread is done: Request para registrar student 1-34
2025-11-14 21:54:55,476 INFO o.a.j.t.JMeterThread: Thread is done: Request para registrar student 1-33
2025-11-14 21:54:55,475 INFO o.a.j.t.JMeterThread: Thread is done: Request para registrar student 1-26
2025-11-14 21:54:55,477 INFO o.a.j.t.JMeterThread: Thread is done: Request para registrar student 1-2
2025-11-14 21:54:55,479 INFO o.a.j.t.JMeterThread: Thread finished: Request para registrar student 1-34
2025-11-14 21:54:55,479 INFO o.a.j.t.JMeterThread: Thread finished: Request para registrar student 1-33
2025-11-14 21:54:55,479 INFO o.a.j.t.JMeterThread: Thread finished: Request para registrar student 1-26
2025-11-14 21:54:55,479 INFO o.a.j.t.JMeterThread: Thread finished: Request para registrar student 1-29
2025-11-14 21:54:55,479 INFO o.a.j.t.JMeterThread: Thread finished: Request para registrar student 1-2
2025-11-14 21:54:55,482 INFO o.a.j.t.JMeterThread: Thread is done: Request para registrar student 1-16
2025-11-14 21:54:55,479 INFO o.a.j.t.JMeterThread: Thread finished: Request para registrar student 1-31
2025-11-14 21:54:55,483 INFO o.a.j.t.JMeterThread: Thread is done: Request para registrar student 1-22
2025-11-14 21:54:55,484 INFO o.a.j.t.JMeterThread: Thread is done: Request para registrar student 1-36
2025-11-14 21:54:55,484 INFO o.a.j.t.JMeterThread: Thread finished: Request para registrar student 1-22
2025-11-14 21:54:55,483 INFO o.a.j.t.JMeterThread: Thread is done: Request para registrar student 1-23
2025-11-14 21:54:55,484 INFO o.a.j.t.JMeterThread: Thread finished: Request para registrar student 1-16
2025-11-14 21:54:55,484 INFO o.a.j.t.JMeterThread: Thread finished: Request para registrar student 1-36
2025-11-14 21:54:55,483 INFO o.a.j.t.JMeterThread: Thread is done: Request para registrar student 1-21
2025-11-14 21:54:55,482 INFO o.a.j.t.JMeterThread: Thread is done: Request para registrar student 1-35
2025-11-14 21:54:55,485 INFO o.a.j.t.JMeterThread: Thread finished: Request para registrar student 1-35
2025-11-14 21:54:55,484 INFO o.a.j.t.JMeterThread: Thread finished: Request para registrar student 1-21
2025-11-14 21:54:55,482 INFO o.a.j.t.JMeterThread: Thread is done: Request para registrar student 1-41
2025-11-14 21:54:55,481 INFO o.a.j.t.JMeterThread: Thread finished: Request para registrar student 1-12
2025-11-14 21:54:55,485 INFO o.a.j.t.JMeterThread: Thread finished: Request para registrar student 1-41
2025-11-14 21:54:55,484 INFO o.a.j.t.JMeterThread: Thread finished: Request para registrar student 1-23
2025-11-14 21:54:55,482 INFO o.a.j.t.JMeterThread: Thread is done: Request para registrar student 1-38
2025-11-14 21:54:55,483 INFO o.a.j.t.JMeterThread: Thread is done: Request para registrar student 1-28
2025-11-14 21:54:55,476 INFO o.a.j.t.JMeterThread: Thread is done: Request para registrar student 1-18
2025-11-14 21:54:55,490 INFO o.a.j.t.JMeterThread: Thread is done: Request para registrar student 1-5
2025-11-14 21:54:55,484 INFO o.a.j.t.JMeterThread: Thread is done: Request para registrar student 1-20
2025-11-14 21:54:55,490 INFO o.a.j.t.JMeterThread: Thread finished: Request para registrar student 1-5
2025-11-14 21:54:55,488 INFO o.a.j.t.JMeterThread: Thread is done: Request para registrar student 1-25
2025-11-14 21:54:55,490 INFO o.a.j.t.JMeterThread: Thread finished: Request para registrar student 1-20
2025-11-14 21:54:55,489 INFO o.a.j.t.JMeterThread: Thread is done: Request para registrar student 1-8
2025-11-14 21:54:55,490 INFO o.a.j.t.JMeterThread: Thread finished: Request para registrar student 1-25
2025-11-14 21:54:55,490 INFO o.a.j.t.JMeterThread: Thread finished: Request para registrar student 1-8
2025-11-14 21:54:55,484 INFO o.a.j.t.JMeterThread: Thread is done: Request para registrar student 1-39
2025-11-14 21:54:55,491 INFO o.a.j.t.JMeterThread: Thread is done: Request para registrar student 1-19
2025-11-14 21:54:55,491 INFO o.a.j.t.JMeterThread: Thread finished: Request para registrar student 1-19
2025-11-14 21:54:55,482 INFO o.a.j.t.JMeterThread: Thread is done: Request para registrar student 1-10
2025-11-14 21:54:55,491 INFO o.a.j.t.JMeterThread: Thread is done: Request para registrar student 1-1
2025-11-14 21:54:55,478 INFO o.a.j.t.JMeterThread: Thread is done: Request para registrar student 1-13
2025-11-14 21:54:55,491 INFO o.a.j.t.JMeterThread: Thread finished: Request para registrar student 1-1
2025-11-14 21:54:55,491 INFO o.a.j.t.JMeterThread: Thread finished: Request para registrar student 1-10
2025-11-14 21:54:55,490 INFO o.a.j.t.JMeterThread: Thread finished: Request para registrar student 1-18
2025-11-14 21:54:55,491 INFO o.a.j.t.JMeterThread: Thread finished: Request para registrar student 1-13
2025-11-14 21:54:55,491 INFO o.a.j.t.JMeterThread: Thread is done: Request para registrar student 1-4
2025-11-14 21:54:55,492 INFO o.a.j.t.JMeterThread: Thread finished: Request para registrar student 1-4
2025-11-14 21:54:55,492 INFO o.a.j.t.JMeterThread: Thread finished: Request para registrar student 1-28
2025-11-14 21:54:55,491 INFO o.a.j.t.JMeterThread: Thread finished: Request para registrar student 1-39
2025-11-14 21:54:55,490 INFO o.a.j.t.JMeterThread: Thread started: Request para registrar student 1-45
2025-11-14 21:54:55,485 INFO o.a.j.t.JMeterThread: Thread started: Request para registrar student 1-50
2025-11-14 21:54:55,492 INFO o.a.j.t.JMeterThread: Thread started: Request para registrar student 1-44
2025-11-14 21:54:55,482 INFO o.a.j.t.JMeterThread: Thread is done: Request para registrar student 1-30
2025-11-14 21:54:55,495 INFO o.a.j.t.JMeterThread: Thread is done: Request para registrar student 1-37
2025-11-14 21:54:55,495 INFO o.a.j.t.JMeterThread: Thread finished: Request para registrar student 1-37
2025-11-14 21:54:55,493 INFO o.a.j.t.JMeterThread: Thread is done: Request para registrar student 1-11
2025-11-14 21:54:55,496 INFO o.a.j.t.JMeterThread: Thread finished: Request para registrar student 1-11
2025-11-14 21:54:55,495 INFO o.a.j.t.JMeterThread: Thread finished: Request para registrar student 1-30
2025-11-14 21:54:55,493 INFO o.a.j.t.JMeterThread: Thread finished: Request para registrar student 1-38
2025-11-14 21:54:55,484 INFO o.a.j.t.JMeterThread: Thread is done: Request para registrar student 1-14
2025-11-14 21:54:55,498 INFO o.a.j.t.JMeterThread: Thread finished: Request para registrar student 1-14
2025-11-14 21:54:55,503 INFO o.a.j.t.JMeterThread: Thread is done: Request para registrar student 1-42
2025-11-14 21:54:55,503 INFO o.a.j.t.JMeterThread: Thread finished: Request para registrar student 1-42
2025-11-14 21:54:55,508 INFO o.a.j.t.JMeterThread: Thread is done: Request para registrar student 1-44
2025-11-14 21:54:55,508 INFO o.a.j.t.JMeterThread: Thread is done: Request para registrar student 1-45
2025-11-14 21:54:55,508 INFO o.a.j.t.JMeterThread: Thread finished: Request para registrar student 1-44
2025-11-14 21:54:55,508 INFO o.a.j.t.JMeterThread: Thread is done: Request para registrar student 1-50
2025-11-14 21:54:55,508 INFO o.a.j.t.JMeterThread: Thread is done: Request para registrar student 1-43
2025-11-14 21:54:55,508 INFO o.a.j.t.JMeterThread: Thread finished: Request para registrar student 1-50
2025-11-14 21:54:55,508 INFO o.a.j.t.JMeterThread: Thread finished: Request para registrar student 1-43
2025-11-14 21:54:55,508 INFO o.a.j.t.JMeterThread: Thread finished: Request para registrar student 1-45
2025-11-14 21:54:55,509 INFO o.a.j.t.JMeterThread: Thread started: Request para registrar student 1-47
2025-11-14 21:54:55,514 INFO o.a.j.t.JMeterThread: Thread is done: Request para registrar student 1-47
2025-11-14 21:54:55,514 INFO o.a.j.t.JMeterThread: Thread finished: Request para registrar student 1-47
2025-11-14 21:54:55,532 INFO o.a.j.t.JMeterThread: Thread started: Request para registrar student 1-46
2025-11-14 21:54:55,540 INFO o.a.j.t.JMeterThread: Thread is done: Request para registrar student 1-46
2025-11-14 21:54:55,540 INFO o.a.j.t.JMeterThread: Thread finished: Request para registrar student 1-46
2025-11-14 21:54:55,576 INFO o.a.j.t.JMeterThread: Thread started: Request para registrar student 1-49
2025-11-14 21:54:55,579 INFO o.a.j.t.JMeterThread: Thread started: Request para registrar student 1-48
2025-11-14 21:54:55,581 INFO o.a.j.t.JMeterThread: Thread is done: Request para registrar student 1-49
2025-11-14 21:54:55,581 INFO o.a.j.t.JMeterThread: Thread finished: Request para registrar student 1-49
2025-11-14 21:54:55,583 INFO o.a.j.t.JMeterThread: Thread is done: Request para registrar student 1-48
2025-11-14 21:54:55,583 INFO o.a.j.t.JMeterThread: Thread finished: Request para registrar student 1-48
2025-11-14 21:54:55,583 INFO o.a.j.e.StandardJMeterEngine: Notifying test listeners of end of test
2025-11-14 21:54:55,583 INFO o.a.j.s.FileServer: Close: /Users/warlleyfreitas/Desktop/Pessoal docs/PGATS/Automacao de Testes de Performance/tests/jmeter/test-data/students.csv@2061226112
2025-11-14 21:54:55,594 INFO o.a.j.r.Summariser: summary =     50 in 00:00:01 =   42.3/s Avg:    85 Min:     1 Max:   133 Err:     0 (0.00%)
